nohup: ignoring input
Puma starting in single mode...
* Puma version: 7.2.0 ("On The Corner")
* Ruby version: ruby 3.3.6 (2024-11-05 revision 75015d4c1f) [x86_64-linux]
*  Min threads: 3
*  Max threads: 3
*  Environment: production
*          PID: 5051
[dotenv] Loaded [33m.env[0m
! Unable to load application: LoadError: Error loading the 'mysql2' Active Record adapter. Missing a gem it depends on? mysql2 is not part of the bundle. Add it to your Gemfile.
bundler: failed to load command: puma (/home/ubuntu/.rbenv/versions/3.3.6/bin/puma)
/home/ubuntu/.rbenv/versions/3.3.6/lib/ruby/gems/3.3.0/gems/bundler-4.0.3/lib/bundler/rubygems_integration.rb:215:in `block (2 levels) in replace_gem': Error loading the 'mysql2' Active Record adapter. Missing a gem it depends on? mysql2 is not part of the bundle. Add it to your Gemfile. (LoadError)
	from /home/ubuntu/.rbenv/versions/3.3.6/lib/ruby/gems/3.3.0/gems/activerecord-8.0.4/lib/active_record/connection_adapters/mysql2_adapter.rb:6:in `<main>'
	from /home/ubuntu/.rbenv/versions/3.3.6/lib/ruby/3.3.0/bundled_gems.rb:69:in `require'
	from /home/ubuntu/.rbenv/versions/3.3.6/lib/ruby/3.3.0/bundled_gems.rb:69:in `block (2 levels) in replace_require'
	from /home/ubuntu/.rbenv/versions/3.3.6/lib/ruby/gems/3.3.0/gems/bootsnap-1.23.0/lib/bootsnap/load_path_cache/core_ext/kernel_require.rb:33:in `require'
	from /home/ubuntu/.rbenv/versions/3.3.6/lib/ruby/gems/3.3.0/gems/zeitwerk-2.7.5/lib/zeitwerk/core_ext/kernel.rb:34:in `require'
	from /home/ubuntu/.rbenv/versions/3.3.6/lib/ruby/gems/3.3.0/gems/activerecord-8.0.4/lib/active_record/connection_adapters.rb:44:in `resolve'
	from /home/ubuntu/.rbenv/versions/3.3.6/lib/ruby/gems/3.3.0/gems/activerecord-8.0.4/lib/active_record/database_configurations/database_config.rb:18:in `adapter_class'
	from /home/ubuntu/.rbenv/versions/3.3.6/lib/ruby/gems/3.3.0/gems/activerecord-8.0.4/lib/active_record/database_configurations/database_config.rb:30:in `validate!'
	from /home/ubuntu/.rbenv/versions/3.3.6/lib/ruby/gems/3.3.0/gems/activerecord-8.0.4/lib/active_record/connection_adapters/abstract/connection_handler.rb:277:in `resolve_pool_config'
	from /home/ubuntu/.rbenv/versions/3.3.6/lib/ruby/gems/3.3.0/gems/activerecord-8.0.4/lib/active_record/connection_adapters/abstract/connection_handler.rb:118:in `establish_connection'
	from /home/ubuntu/.rbenv/versions/3.3.6/lib/ruby/gems/3.3.0/gems/activerecord-8.0.4/lib/active_record/connection_handling.rb:53:in `establish_connection'
	from /home/ubuntu/.rbenv/versions/3.3.6/lib/ruby/gems/3.3.0/gems/activerecord-8.0.4/lib/active_record/railtie.rb:260:in `block (2 levels) in <class:Railtie>'
	from /home/ubuntu/.rbenv/versions/3.3.6/lib/ruby/gems/3.3.0/gems/activesupport-8.0.4/lib/active_support/lazy_load_hooks.rb:97:in `class_eval'
	from /home/ubuntu/.rbenv/versions/3.3.6/lib/ruby/gems/3.3.0/gems/activesupport-8.0.4/lib/active_support/lazy_load_hooks.rb:97:in `block in execute_hook'
	from /home/ubuntu/.rbenv/versions/3.3.6/lib/ruby/gems/3.3.0/gems/activesupport-8.0.4/lib/active_support/lazy_load_hooks.rb:87:in `with_execution_control'
	from /home/ubuntu/.rbenv/versions/3.3.6/lib/ruby/gems/3.3.0/gems/activesupport-8.0.4/lib/active_support/lazy_load_hooks.rb:92:in `execute_hook'
	from /home/ubuntu/.rbenv/versions/3.3.6/lib/ruby/gems/3.3.0/gems/activesupport-8.0.4/lib/active_support/lazy_load_hooks.rb:78:in `block in run_load_hooks'
	from /home/ubuntu/.rbenv/versions/3.3.6/lib/ruby/gems/3.3.0/gems/activesupport-8.0.4/lib/active_support/lazy_load_hooks.rb:77:in `each'
	from /home/ubuntu/.rbenv/versions/3.3.6/lib/ruby/gems/3.3.0/gems/activesupport-8.0.4/lib/active_support/lazy_load_hooks.rb:77:in `run_load_hooks'
	from /home/ubuntu/.rbenv/versions/3.3.6/lib/ruby/gems/3.3.0/gems/activerecord-8.0.4/lib/active_record/base.rb:337:in `<module:ActiveRecord>'
	from /home/ubuntu/.rbenv/versions/3.3.6/lib/ruby/gems/3.3.0/gems/activerecord-8.0.4/lib/active_record/base.rb:15:in `<main>'
	from /home/ubuntu/.rbenv/versions/3.3.6/lib/ruby/3.3.0/bundled_gems.rb:69:in `require'
	from /home/ubuntu/.rbenv/versions/3.3.6/lib/ruby/3.3.0/bundled_gems.rb:69:in `block (2 levels) in replace_require'
	from /home/ubuntu/.rbenv/versions/3.3.6/lib/ruby/gems/3.3.0/gems/bootsnap-1.23.0/lib/bootsnap/load_path_cache/core_ext/kernel_require.rb:33:in `require'
	from /home/ubuntu/.rbenv/versions/3.3.6/lib/ruby/gems/3.3.0/gems/zeitwerk-2.7.5/lib/zeitwerk/core_ext/kernel.rb:34:in `require'
	from /home/ubuntu/portfolio/cheer_task/app/models/application_record.rb:1:in `<main>'
	from /home/ubuntu/.rbenv/versions/3.3.6/lib/ruby/3.3.0/bundled_gems.rb:69:in `require'
	from /home/ubuntu/.rbenv/versions/3.3.6/lib/ruby/3.3.0/bundled_gems.rb:69:in `block (2 levels) in replace_require'
	from /home/ubuntu/.rbenv/versions/3.3.6/lib/ruby/gems/3.3.0/gems/bootsnap-1.23.0/lib/bootsnap/load_path_cache/core_ext/kernel_require.rb:33:in `require'
	from /home/ubuntu/.rbenv/versions/3.3.6/lib/ruby/gems/3.3.0/gems/zeitwerk-2.7.5/lib/zeitwerk/core_ext/kernel.rb:26:in `require'
	from /home/ubuntu/.rbenv/versions/3.3.6/lib/ruby/gems/3.3.0/gems/zeitwerk-2.7.5/lib/zeitwerk/cref.rb:62:in `const_get'
	from /home/ubuntu/.rbenv/versions/3.3.6/lib/ruby/gems/3.3.0/gems/zeitwerk-2.7.5/lib/zeitwerk/cref.rb:62:in `get'
	from /home/ubuntu/.rbenv/versions/3.3.6/lib/ruby/gems/3.3.0/gems/zeitwerk-2.7.5/lib/zeitwerk/loader/eager_load.rb:171:in `block in actual_eager_load_dir'
	from /home/ubuntu/.rbenv/versions/3.3.6/lib/ruby/gems/3.3.0/gems/zeitwerk-2.7.5/lib/zeitwerk/loader/file_system.rb:32:in `block in ls'
	from /home/ubuntu/.rbenv/versions/3.3.6/lib/ruby/gems/3.3.0/gems/zeitwerk-2.7.5/lib/zeitwerk/loader/file_system.rb:26:in `each'
	from /home/ubuntu/.rbenv/versions/3.3.6/lib/ruby/gems/3.3.0/gems/zeitwerk-2.7.5/lib/zeitwerk/loader/file_system.rb:26:in `ls'
	from /home/ubuntu/.rbenv/versions/3.3.6/lib/ruby/gems/3.3.0/gems/zeitwerk-2.7.5/lib/zeitwerk/loader/eager_load.rb:166:in `actual_eager_load_dir'
	from /home/ubuntu/.rbenv/versions/3.3.6/lib/ruby/gems/3.3.0/gems/zeitwerk-2.7.5/lib/zeitwerk/loader/eager_load.rb:17:in `block (2 levels) in eager_load'
	from /home/ubuntu/.rbenv/versions/3.3.6/lib/ruby/gems/3.3.0/gems/zeitwerk-2.7.5/lib/zeitwerk/loader/eager_load.rb:16:in `each'
	from /home/ubuntu/.rbenv/versions/3.3.6/lib/ruby/gems/3.3.0/gems/zeitwerk-2.7.5/lib/zeitwerk/loader/eager_load.rb:16:in `block in eager_load'
	from /home/ubuntu/.rbenv/versions/3.3.6/lib/ruby/gems/3.3.0/gems/zeitwerk-2.7.5/lib/zeitwerk/loader/eager_load.rb:10:in `synchronize'
	from /home/ubuntu/.rbenv/versions/3.3.6/lib/ruby/gems/3.3.0/gems/zeitwerk-2.7.5/lib/zeitwerk/loader/eager_load.rb:10:in `eager_load'
	from /home/ubuntu/.rbenv/versions/3.3.6/lib/ruby/gems/3.3.0/gems/zeitwerk-2.7.5/lib/zeitwerk/loader.rb:442:in `block in eager_load_all'
	from /home/ubuntu/.rbenv/versions/3.3.6/lib/ruby/gems/3.3.0/gems/zeitwerk-2.7.5/lib/zeitwerk/registry/loaders.rb:10:in `each'
	from /home/ubuntu/.rbenv/versions/3.3.6/lib/ruby/gems/3.3.0/gems/zeitwerk-2.7.5/lib/zeitwerk/registry/loaders.rb:10:in `each'
	from /home/ubuntu/.rbenv/versions/3.3.6/lib/ruby/gems/3.3.0/gems/zeitwerk-2.7.5/lib/zeitwerk/loader.rb:440:in `eager_load_all'
	from /home/ubuntu/.rbenv/versions/3.3.6/lib/ruby/gems/3.3.0/gems/railties-8.0.4/lib/rails/application/finisher.rb:79:in `block in <module:Finisher>'
	from /home/ubuntu/.rbenv/versions/3.3.6/lib/ruby/gems/3.3.0/gems/railties-8.0.4/lib/rails/initializable.rb:32:in `instance_exec'
	from /home/ubuntu/.rbenv/versions/3.3.6/lib/ruby/gems/3.3.0/gems/railties-8.0.4/lib/rails/initializable.rb:32:in `run'
	from /home/ubuntu/.rbenv/versions/3.3.6/lib/ruby/gems/3.3.0/gems/railties-8.0.4/lib/rails/initializable.rb:61:in `block in run_initializers'
	from /home/ubuntu/.rbenv/versions/3.3.6/lib/ruby/gems/3.3.0/gems/tsort-0.2.0/lib/tsort.rb:231:in `block in tsort_each'
	from /home/ubuntu/.rbenv/versions/3.3.6/lib/ruby/gems/3.3.0/gems/tsort-0.2.0/lib/tsort.rb:353:in `block (2 levels) in each_strongly_connected_component'
	from /home/ubuntu/.rbenv/versions/3.3.6/lib/ruby/gems/3.3.0/gems/tsort-0.2.0/lib/tsort.rb:434:in `each_strongly_connected_component_from'
	from /home/ubuntu/.rbenv/versions/3.3.6/lib/ruby/gems/3.3.0/gems/tsort-0.2.0/lib/tsort.rb:352:in `block in each_strongly_connected_component'
	from /home/ubuntu/.rbenv/versions/3.3.6/lib/ruby/gems/3.3.0/gems/tsort-0.2.0/lib/tsort.rb:350:in `each'
	from /home/ubuntu/.rbenv/versions/3.3.6/lib/ruby/gems/3.3.0/gems/tsort-0.2.0/lib/tsort.rb:350:in `call'
	from /home/ubuntu/.rbenv/versions/3.3.6/lib/ruby/gems/3.3.0/gems/tsort-0.2.0/lib/tsort.rb:350:in `each_strongly_connected_component'
	from /home/ubuntu/.rbenv/versions/3.3.6/lib/ruby/gems/3.3.0/gems/tsort-0.2.0/lib/tsort.rb:229:in `tsort_each'
	from /home/ubuntu/.rbenv/versions/3.3.6/lib/ruby/gems/3.3.0/gems/tsort-0.2.0/lib/tsort.rb:208:in `tsort_each'
	from /home/ubuntu/.rbenv/versions/3.3.6/lib/ruby/gems/3.3.0/gems/railties-8.0.4/lib/rails/initializable.rb:60:in `run_initializers'
	from /home/ubuntu/.rbenv/versions/3.3.6/lib/ruby/gems/3.3.0/gems/railties-8.0.4/lib/rails/application.rb:444:in `initialize!'
	from /home/ubuntu/portfolio/cheer_task/config/environment.rb:5:in `<top (required)>'
	from config.ru:3:in `require_relative'
	from config.ru:3:in `block (2 levels) in <top (required)>'
	from /home/ubuntu/.rbenv/versions/3.3.6/lib/ruby/gems/3.3.0/gems/rack-3.2.5/lib/rack/builder.rb:108:in `eval'
	from /home/ubuntu/.rbenv/versions/3.3.6/lib/ruby/gems/3.3.0/gems/rack-3.2.5/lib/rack/builder.rb:108:in `new_from_string'
	from /home/ubuntu/.rbenv/versions/3.3.6/lib/ruby/gems/3.3.0/gems/rack-3.2.5/lib/rack/builder.rb:97:in `load_file'
	from /home/ubuntu/.rbenv/versions/3.3.6/lib/ruby/gems/3.3.0/gems/rack-3.2.5/lib/rack/builder.rb:67:in `parse_file'
	from /home/ubuntu/.rbenv/versions/3.3.6/lib/ruby/gems/3.3.0/gems/puma-7.2.0/lib/puma/configuration.rb:421:in `load_rackup'
	from /home/ubuntu/.rbenv/versions/3.3.6/lib/ruby/gems/3.3.0/gems/puma-7.2.0/lib/puma/configuration.rb:314:in `app'
	from /home/ubuntu/.rbenv/versions/3.3.6/lib/ruby/gems/3.3.0/gems/puma-7.2.0/lib/puma/runner.rb:160:in `load_and_bind'
	from /home/ubuntu/.rbenv/versions/3.3.6/lib/ruby/gems/3.3.0/gems/puma-7.2.0/lib/puma/single.rb:44:in `run'
	from /home/ubuntu/.rbenv/versions/3.3.6/lib/ruby/gems/3.3.0/gems/puma-7.2.0/lib/puma/launcher.rb:208:in `run'
	from /home/ubuntu/.rbenv/versions/3.3.6/lib/ruby/gems/3.3.0/gems/puma-7.2.0/lib/puma/cli.rb:73:in `run'
	from /home/ubuntu/.rbenv/versions/3.3.6/lib/ruby/gems/3.3.0/gems/puma-7.2.0/bin/puma:10:in `<top (required)>'
	from /home/ubuntu/.rbenv/versions/3.3.6/bin/puma:25:in `load'
	from /home/ubuntu/.rbenv/versions/3.3.6/bin/puma:25:in `<top (required)>'
	from /home/ubuntu/.rbenv/versions/3.3.6/lib/ruby/gems/3.3.0/gems/bundler-4.0.3/lib/bundler/cli/exec.rb:61:in `load'
	from /home/ubuntu/.rbenv/versions/3.3.6/lib/ruby/gems/3.3.0/gems/bundler-4.0.3/lib/bundler/cli/exec.rb:61:in `kernel_load'
	from /home/ubuntu/.rbenv/versions/3.3.6/lib/ruby/gems/3.3.0/gems/bundler-4.0.3/lib/bundler/cli/exec.rb:24:in `run'
	from /home/ubuntu/.rbenv/versions/3.3.6/lib/ruby/gems/3.3.0/gems/bundler-4.0.3/lib/bundler/cli.rb:500:in `exec'
	from /home/ubuntu/.rbenv/versions/3.3.6/lib/ruby/gems/3.3.0/gems/bundler-4.0.3/lib/bundler/vendor/thor/lib/thor/command.rb:28:in `run'
	from /home/ubuntu/.rbenv/versions/3.3.6/lib/ruby/gems/3.3.0/gems/bundler-4.0.3/lib/bundler/vendor/thor/lib/thor/invocation.rb:127:in `invoke_command'
	from /home/ubuntu/.rbenv/versions/3.3.6/lib/ruby/gems/3.3.0/gems/bundler-4.0.3/lib/bundler/vendor/thor/lib/thor.rb:538:in `dispatch'
	from /home/ubuntu/.rbenv/versions/3.3.6/lib/ruby/gems/3.3.0/gems/bundler-4.0.3/lib/bundler/cli.rb:35:in `dispatch'
	from /home/ubuntu/.rbenv/versions/3.3.6/lib/ruby/gems/3.3.0/gems/bundler-4.0.3/lib/bundler/vendor/thor/lib/thor/base.rb:584:in `start'
	from /home/ubuntu/.rbenv/versions/3.3.6/lib/ruby/gems/3.3.0/gems/bundler-4.0.3/lib/bundler/cli.rb:29:in `start'
	from /home/ubuntu/.rbenv/versions/3.3.6/lib/ruby/gems/3.3.0/gems/bundler-4.0.3/exe/bundle:28:in `block in <top (required)>'
	from /home/ubuntu/.rbenv/versions/3.3.6/lib/ruby/gems/3.3.0/gems/bundler-4.0.3/lib/bundler/friendly_errors.rb:118:in `with_friendly_errors'
	from /home/ubuntu/.rbenv/versions/3.3.6/lib/ruby/gems/3.3.0/gems/bundler-4.0.3/exe/bundle:20:in `<top (required)>'
	from /home/ubuntu/.rbenv/versions/3.3.6/bin/bundle:25:in `load'
	from /home/ubuntu/.rbenv/versions/3.3.6/bin/bundle:25:in `<main>'
/home/ubuntu/.rbenv/versions/3.3.6/lib/ruby/gems/3.3.0/gems/bundler-4.0.3/lib/bundler/rubygems_integration.rb:215:in `block (2 levels) in replace_gem': mysql2 is not part of the bundle. Add it to your Gemfile. (Gem::LoadError)
	from /home/ubuntu/.rbenv/versions/3.3.6/lib/ruby/gems/3.3.0/gems/activerecord-8.0.4/lib/active_record/connection_adapters/mysql2_adapter.rb:6:in `<main>'
	from /home/ubuntu/.rbenv/versions/3.3.6/lib/ruby/3.3.0/bundled_gems.rb:69:in `require'
	from /home/ubuntu/.rbenv/versions/3.3.6/lib/ruby/3.3.0/bundled_gems.rb:69:in `block (2 levels) in replace_require'
	from /home/ubuntu/.rbenv/versions/3.3.6/lib/ruby/gems/3.3.0/gems/bootsnap-1.23.0/lib/bootsnap/load_path_cache/core_ext/kernel_require.rb:33:in `require'
	from /home/ubuntu/.rbenv/versions/3.3.6/lib/ruby/gems/3.3.0/gems/zeitwerk-2.7.5/lib/zeitwerk/core_ext/kernel.rb:34:in `require'
	from /home/ubuntu/.rbenv/versions/3.3.6/lib/ruby/gems/3.3.0/gems/activerecord-8.0.4/lib/active_record/connection_adapters.rb:44:in `resolve'
	from /home/ubuntu/.rbenv/versions/3.3.6/lib/ruby/gems/3.3.0/gems/activerecord-8.0.4/lib/active_record/database_configurations/database_config.rb:18:in `adapter_class'
	from /home/ubuntu/.rbenv/versions/3.3.6/lib/ruby/gems/3.3.0/gems/activerecord-8.0.4/lib/active_record/database_configurations/database_config.rb:30:in `validate!'
	from /home/ubuntu/.rbenv/versions/3.3.6/lib/ruby/gems/3.3.0/gems/activerecord-8.0.4/lib/active_record/connection_adapters/abstract/connection_handler.rb:277:in `resolve_pool_config'
	from /home/ubuntu/.rbenv/versions/3.3.6/lib/ruby/gems/3.3.0/gems/activerecord-8.0.4/lib/active_record/connection_adapters/abstract/connection_handler.rb:118:in `establish_connection'
	from /home/ubuntu/.rbenv/versions/3.3.6/lib/ruby/gems/3.3.0/gems/activerecord-8.0.4/lib/active_record/connection_handling.rb:53:in `establish_connection'
	from /home/ubuntu/.rbenv/versions/3.3.6/lib/ruby/gems/3.3.0/gems/activerecord-8.0.4/lib/active_record/railtie.rb:260:in `block (2 levels) in <class:Railtie>'
	from /home/ubuntu/.rbenv/versions/3.3.6/lib/ruby/gems/3.3.0/gems/activesupport-8.0.4/lib/active_support/lazy_load_hooks.rb:97:in `class_eval'
	from /home/ubuntu/.rbenv/versions/3.3.6/lib/ruby/gems/3.3.0/gems/activesupport-8.0.4/lib/active_support/lazy_load_hooks.rb:97:in `block in execute_hook'
	from /home/ubuntu/.rbenv/versions/3.3.6/lib/ruby/gems/3.3.0/gems/activesupport-8.0.4/lib/active_support/lazy_load_hooks.rb:87:in `with_execution_control'
	from /home/ubuntu/.rbenv/versions/3.3.6/lib/ruby/gems/3.3.0/gems/activesupport-8.0.4/lib/active_support/lazy_load_hooks.rb:92:in `execute_hook'
	from /home/ubuntu/.rbenv/versions/3.3.6/lib/ruby/gems/3.3.0/gems/activesupport-8.0.4/lib/active_support/lazy_load_hooks.rb:78:in `block in run_load_hooks'
	from /home/ubuntu/.rbenv/versions/3.3.6/lib/ruby/gems/3.3.0/gems/activesupport-8.0.4/lib/active_support/lazy_load_hooks.rb:77:in `each'
	from /home/ubuntu/.rbenv/versions/3.3.6/lib/ruby/gems/3.3.0/gems/activesupport-8.0.4/lib/active_support/lazy_load_hooks.rb:77:in `run_load_hooks'
	from /home/ubuntu/.rbenv/versions/3.3.6/lib/ruby/gems/3.3.0/gems/activerecord-8.0.4/lib/active_record/base.rb:337:in `<module:ActiveRecord>'
	from /home/ubuntu/.rbenv/versions/3.3.6/lib/ruby/gems/3.3.0/gems/activerecord-8.0.4/lib/active_record/base.rb:15:in `<main>'
	from /home/ubuntu/.rbenv/versions/3.3.6/lib/ruby/3.3.0/bundled_gems.rb:69:in `require'
	from /home/ubuntu/.rbenv/versions/3.3.6/lib/ruby/3.3.0/bundled_gems.rb:69:in `block (2 levels) in replace_require'
	from /home/ubuntu/.rbenv/versions/3.3.6/lib/ruby/gems/3.3.0/gems/bootsnap-1.23.0/lib/bootsnap/load_path_cache/core_ext/kernel_require.rb:33:in `require'
	from /home/ubuntu/.rbenv/versions/3.3.6/lib/ruby/gems/3.3.0/gems/zeitwerk-2.7.5/lib/zeitwerk/core_ext/kernel.rb:34:in `require'
	from /home/ubuntu/portfolio/cheer_task/app/models/application_record.rb:1:in `<main>'
	from /home/ubuntu/.rbenv/versions/3.3.6/lib/ruby/3.3.0/bundled_gems.rb:69:in `require'
	from /home/ubuntu/.rbenv/versions/3.3.6/lib/ruby/3.3.0/bundled_gems.rb:69:in `block (2 levels) in replace_require'
	from /home/ubuntu/.rbenv/versions/3.3.6/lib/ruby/gems/3.3.0/gems/bootsnap-1.23.0/lib/bootsnap/load_path_cache/core_ext/kernel_require.rb:33:in `require'
	from /home/ubuntu/.rbenv/versions/3.3.6/lib/ruby/gems/3.3.0/gems/zeitwerk-2.7.5/lib/zeitwerk/core_ext/kernel.rb:26:in `require'
	from /home/ubuntu/.rbenv/versions/3.3.6/lib/ruby/gems/3.3.0/gems/zeitwerk-2.7.5/lib/zeitwerk/cref.rb:62:in `const_get'
	from /home/ubuntu/.rbenv/versions/3.3.6/lib/ruby/gems/3.3.0/gems/zeitwerk-2.7.5/lib/zeitwerk/cref.rb:62:in `get'
	from /home/ubuntu/.rbenv/versions/3.3.6/lib/ruby/gems/3.3.0/gems/zeitwerk-2.7.5/lib/zeitwerk/loader/eager_load.rb:171:in `block in actual_eager_load_dir'
	from /home/ubuntu/.rbenv/versions/3.3.6/lib/ruby/gems/3.3.0/gems/zeitwerk-2.7.5/lib/zeitwerk/loader/file_system.rb:32:in `block in ls'
	from /home/ubuntu/.rbenv/versions/3.3.6/lib/ruby/gems/3.3.0/gems/zeitwerk-2.7.5/lib/zeitwerk/loader/file_system.rb:26:in `each'
	from /home/ubuntu/.rbenv/versions/3.3.6/lib/ruby/gems/3.3.0/gems/zeitwerk-2.7.5/lib/zeitwerk/loader/file_system.rb:26:in `ls'
	from /home/ubuntu/.rbenv/versions/3.3.6/lib/ruby/gems/3.3.0/gems/zeitwerk-2.7.5/lib/zeitwerk/loader/eager_load.rb:166:in `actual_eager_load_dir'
	from /home/ubuntu/.rbenv/versions/3.3.6/lib/ruby/gems/3.3.0/gems/zeitwerk-2.7.5/lib/zeitwerk/loader/eager_load.rb:17:in `block (2 levels) in eager_load'
	from /home/ubuntu/.rbenv/versions/3.3.6/lib/ruby/gems/3.3.0/gems/zeitwerk-2.7.5/lib/zeitwerk/loader/eager_load.rb:16:in `each'
	from /home/ubuntu/.rbenv/versions/3.3.6/lib/ruby/gems/3.3.0/gems/zeitwerk-2.7.5/lib/zeitwerk/loader/eager_load.rb:16:in `block in eager_load'
	from /home/ubuntu/.rbenv/versions/3.3.6/lib/ruby/gems/3.3.0/gems/zeitwerk-2.7.5/lib/zeitwerk/loader/eager_load.rb:10:in `synchronize'
	from /home/ubuntu/.rbenv/versions/3.3.6/lib/ruby/gems/3.3.0/gems/zeitwerk-2.7.5/lib/zeitwerk/loader/eager_load.rb:10:in `eager_load'
	from /home/ubuntu/.rbenv/versions/3.3.6/lib/ruby/gems/3.3.0/gems/zeitwerk-2.7.5/lib/zeitwerk/loader.rb:442:in `block in eager_load_all'
	from /home/ubuntu/.rbenv/versions/3.3.6/lib/ruby/gems/3.3.0/gems/zeitwerk-2.7.5/lib/zeitwerk/registry/loaders.rb:10:in `each'
	from /home/ubuntu/.rbenv/versions/3.3.6/lib/ruby/gems/3.3.0/gems/zeitwerk-2.7.5/lib/zeitwerk/registry/loaders.rb:10:in `each'
	from /home/ubuntu/.rbenv/versions/3.3.6/lib/ruby/gems/3.3.0/gems/zeitwerk-2.7.5/lib/zeitwerk/loader.rb:440:in `eager_load_all'
	from /home/ubuntu/.rbenv/versions/3.3.6/lib/ruby/gems/3.3.0/gems/railties-8.0.4/lib/rails/application/finisher.rb:79:in `block in <module:Finisher>'
	from /home/ubuntu/.rbenv/versions/3.3.6/lib/ruby/gems/3.3.0/gems/railties-8.0.4/lib/rails/initializable.rb:32:in `instance_exec'
	from /home/ubuntu/.rbenv/versions/3.3.6/lib/ruby/gems/3.3.0/gems/railties-8.0.4/lib/rails/initializable.rb:32:in `run'
	from /home/ubuntu/.rbenv/versions/3.3.6/lib/ruby/gems/3.3.0/gems/railties-8.0.4/lib/rails/initializable.rb:61:in `block in run_initializers'
	from /home/ubuntu/.rbenv/versions/3.3.6/lib/ruby/gems/3.3.0/gems/tsort-0.2.0/lib/tsort.rb:231:in `block in tsort_each'
	from /home/ubuntu/.rbenv/versions/3.3.6/lib/ruby/gems/3.3.0/gems/tsort-0.2.0/lib/tsort.rb:353:in `block (2 levels) in each_strongly_connected_component'
	from /home/ubuntu/.rbenv/versions/3.3.6/lib/ruby/gems/3.3.0/gems/tsort-0.2.0/lib/tsort.rb:434:in `each_strongly_connected_component_from'
	from /home/ubuntu/.rbenv/versions/3.3.6/lib/ruby/gems/3.3.0/gems/tsort-0.2.0/lib/tsort.rb:352:in `block in each_strongly_connected_component'
	from /home/ubuntu/.rbenv/versions/3.3.6/lib/ruby/gems/3.3.0/gems/tsort-0.2.0/lib/tsort.rb:350:in `each'
	from /home/ubuntu/.rbenv/versions/3.3.6/lib/ruby/gems/3.3.0/gems/tsort-0.2.0/lib/tsort.rb:350:in `call'
	from /home/ubuntu/.rbenv/versions/3.3.6/lib/ruby/gems/3.3.0/gems/tsort-0.2.0/lib/tsort.rb:350:in `each_strongly_connected_component'
	from /home/ubuntu/.rbenv/versions/3.3.6/lib/ruby/gems/3.3.0/gems/tsort-0.2.0/lib/tsort.rb:229:in `tsort_each'
	from /home/ubuntu/.rbenv/versions/3.3.6/lib/ruby/gems/3.3.0/gems/tsort-0.2.0/lib/tsort.rb:208:in `tsort_each'
	from /home/ubuntu/.rbenv/versions/3.3.6/lib/ruby/gems/3.3.0/gems/railties-8.0.4/lib/rails/initializable.rb:60:in `run_initializers'
	from /home/ubuntu/.rbenv/versions/3.3.6/lib/ruby/gems/3.3.0/gems/railties-8.0.4/lib/rails/application.rb:444:in `initialize!'
	from /home/ubuntu/portfolio/cheer_task/config/environment.rb:5:in `<top (required)>'
	from config.ru:3:in `require_relative'
	from config.ru:3:in `block (2 levels) in <top (required)>'
	from /home/ubuntu/.rbenv/versions/3.3.6/lib/ruby/gems/3.3.0/gems/rack-3.2.5/lib/rack/builder.rb:108:in `eval'
	from /home/ubuntu/.rbenv/versions/3.3.6/lib/ruby/gems/3.3.0/gems/rack-3.2.5/lib/rack/builder.rb:108:in `new_from_string'
	from /home/ubuntu/.rbenv/versions/3.3.6/lib/ruby/gems/3.3.0/gems/rack-3.2.5/lib/rack/builder.rb:97:in `load_file'
	from /home/ubuntu/.rbenv/versions/3.3.6/lib/ruby/gems/3.3.0/gems/rack-3.2.5/lib/rack/builder.rb:67:in `parse_file'
	from /home/ubuntu/.rbenv/versions/3.3.6/lib/ruby/gems/3.3.0/gems/puma-7.2.0/lib/puma/configuration.rb:421:in `load_rackup'
	from /home/ubuntu/.rbenv/versions/3.3.6/lib/ruby/gems/3.3.0/gems/puma-7.2.0/lib/puma/configuration.rb:314:in `app'
	from /home/ubuntu/.rbenv/versions/3.3.6/lib/ruby/gems/3.3.0/gems/puma-7.2.0/lib/puma/runner.rb:160:in `load_and_bind'
	from /home/ubuntu/.rbenv/versions/3.3.6/lib/ruby/gems/3.3.0/gems/puma-7.2.0/lib/puma/single.rb:44:in `run'
	from /home/ubuntu/.rbenv/versions/3.3.6/lib/ruby/gems/3.3.0/gems/puma-7.2.0/lib/puma/launcher.rb:208:in `run'
	from /home/ubuntu/.rbenv/versions/3.3.6/lib/ruby/gems/3.3.0/gems/puma-7.2.0/lib/puma/cli.rb:73:in `run'
	from /home/ubuntu/.rbenv/versions/3.3.6/lib/ruby/gems/3.3.0/gems/puma-7.2.0/bin/puma:10:in `<top (required)>'
	from /home/ubuntu/.rbenv/versions/3.3.6/bin/puma:25:in `load'
	from /home/ubuntu/.rbenv/versions/3.3.6/bin/puma:25:in `<top (required)>'
	from /home/ubuntu/.rbenv/versions/3.3.6/lib/ruby/gems/3.3.0/gems/bundler-4.0.3/lib/bundler/cli/exec.rb:61:in `load'
	from /home/ubuntu/.rbenv/versions/3.3.6/lib/ruby/gems/3.3.0/gems/bundler-4.0.3/lib/bundler/cli/exec.rb:61:in `kernel_load'
	from /home/ubuntu/.rbenv/versions/3.3.6/lib/ruby/gems/3.3.0/gems/bundler-4.0.3/lib/bundler/cli/exec.rb:24:in `run'
	from /home/ubuntu/.rbenv/versions/3.3.6/lib/ruby/gems/3.3.0/gems/bundler-4.0.3/lib/bundler/cli.rb:500:in `exec'
	from /home/ubuntu/.rbenv/versions/3.3.6/lib/ruby/gems/3.3.0/gems/bundler-4.0.3/lib/bundler/vendor/thor/lib/thor/command.rb:28:in `run'
	from /home/ubuntu/.rbenv/versions/3.3.6/lib/ruby/gems/3.3.0/gems/bundler-4.0.3/lib/bundler/vendor/thor/lib/thor/invocation.rb:127:in `invoke_command'
	from /home/ubuntu/.rbenv/versions/3.3.6/lib/ruby/gems/3.3.0/gems/bundler-4.0.3/lib/bundler/vendor/thor/lib/thor.rb:538:in `dispatch'
	from /home/ubuntu/.rbenv/versions/3.3.6/lib/ruby/gems/3.3.0/gems/bundler-4.0.3/lib/bundler/cli.rb:35:in `dispatch'
	from /home/ubuntu/.rbenv/versions/3.3.6/lib/ruby/gems/3.3.0/gems/bundler-4.0.3/lib/bundler/vendor/thor/lib/thor/base.rb:584:in `start'
	from /home/ubuntu/.rbenv/versions/3.3.6/lib/ruby/gems/3.3.0/gems/bundler-4.0.3/lib/bundler/cli.rb:29:in `start'
	from /home/ubuntu/.rbenv/versions/3.3.6/lib/ruby/gems/3.3.0/gems/bundler-4.0.3/exe/bundle:28:in `block in <top (required)>'
	from /home/ubuntu/.rbenv/versions/3.3.6/lib/ruby/gems/3.3.0/gems/bundler-4.0.3/lib/bundler/friendly_errors.rb:118:in `with_friendly_errors'
	from /home/ubuntu/.rbenv/versions/3.3.6/lib/ruby/gems/3.3.0/gems/bundler-4.0.3/exe/bundle:20:in `<top (required)>'
	from /home/ubuntu/.rbenv/versions/3.3.6/bin/bundle:25:in `load'
	from /home/ubuntu/.rbenv/versions/3.3.6/bin/bundle:25:in `<main>'
